[atmanirbhar.org/index.html]
[backblue.gif]
[fade.gif]
[index.html]
[images.squarespace-cdn.com/content/5e01f7481c79407e08d2cca0/1577519555475-LOD9U94XWUGI7Y0MLQNT/Logos-Reverse+Croppedee8a.jpg]
[use.typekit.net/ik/N1W-asGh8VHX9FxfhiTJ6gpNswwmZ_dkAipsKXZ0nlGfeC3IfFHN4UJLFRbh52jhWDm8w2BcFDbtwAwa5Qb3Fh935ebkjhFywg7wMkG0jAFu-WsoShFGZAsude80ZkoRdhXCHKoyjamTiY8Djhy8ZYmC-Ao1Oco8if37OcBDOcu8OfG0-hBCZPuXjW43]
[static1.squarespace.com/static/sitecss/5e01f7481c79407e08d2cca0/71/52a74dafe4b073a80cd253c5/5e01f7481c79407e08d2ccb5/1038-05142015/1601113341155/site8696.css]
[ajax.googleapis.com/ajax/libs/jquery/1/jquery.min.js]
[assets.squarespace.com/universal/scripts-compressed/performance-d006a09b586a985da86bd-min.en-US.js]
[code.jquery.com/jquery-1.12.4.js]
[assets.squarespace.com/universal/scripts-compressed/common-vendors-a4a6a154b60d89855f557-min.en-US.js]
[assets.squarespace.com/universal/scripts-compressed/common-4faa08d78bc08f84f957a-min.en-US.js]
[code.jquery.com/ui/1.12.1/jquery-ui.js]
[atmanirbhar.org/our-story.html]
[atmanirbhar.org/guiding-principles.html]
[atmanirbhar.org/partners.html]
[atmanirbhar.org/timeline.html]
[atmanirbhar.org/focus-areas.html]
[atmanirbhar.org/parc-health.html]
[atmanirbhar.org/parc-education.html]
[atmanirbhar.org/parc-livelihood.html]
[atmanirbhar.org/parc-community.html]
[atmanirbhar.org/impact-numbers.html]
[atmanirbhar.org/about-student-team.html]
[atmanirbhar.org/student-projects.html]
[atmanirbhar.org/online-course.html]
[atmanirbhar.org/photos.html]
[atmanirbhar.org/videos.html]
[atmanirbhar.org/press.html]
[atmanirbhar.org/faqs.html]
[atmanirbhar.org/blogs.html]
[atmanirbhar.org/donations.html]
[atmanirbhar.org/spread-the-word.html]
[atmanirbhar.org/_/www.youtube.com/embed/J1SVlDbH7AE.208344.delayed]
[images.squarespace-cdn.com/content/v1/5e01f7481c79407e08d2cca0/1597214171724-MSN2IEP06HCP7D2Z0QGY/ke17ZwdGBToddI8pDm48kG4-S-U39S0OguGBwOVzN9gUqsx/Action+Small.jpg]
[atmanirbhar.org/blogs/talks-on-career-in-social-sector.html]
[atmanirbhar.org/blogs/parcs-first-online-course-2020-9-5.html]
[atmanirbhar.org/blogs/parc-plantation-drive-2020-3-26.html]
[atmanirbhar.org/blogs/preventing-blindness-eye-camp-at-parc-2020-3-11.html]
[atmanirbhar.org/subscription-newsletter.html]
[atmanirbhar.org/address.html]
[atmanirbhar.org/index.html]
[assets.squarespace.com/universal/images-v6/damask/error-dark.png]
[assets.squarespace.com/universal/images-v6/damask/error-dark@2x.png]
[assets.squarespace.com/universal/images-v6/damask/play-button.png]
[static1.squarespace.com/static/ta/52a74d9ae4b0253945d2aee9/1038/scripts/site-bundle.js]
[assets.squarespace.com/universal/images-v6/damask/play-button@2x.png]
[assets.squarespace.com/universal/images-v6/damask/edit-aviary-light.png]
[assets.squarespace.com/universal/images-v6/damask/edit-aviary-light@2x.png]
[assets.squarespace.com/universal/images-v6/damask/edit-info-light.png]
[assets.squarespace.com/universal/images-v6/damask/edit-info-light@2x.png]
[assets.squarespace.com/universal/images-v6/damask/trash-9-light.png]
[assets.squarespace.com/universal/images-v6/damask/trash-9-light@2x.png]
[assets.squarespace.com/universal/images-v6/damask/trash-9-red.png]
[assets.squarespace.com/universal/images-v6/damask/trash-9-red@2x.png]
[assets.squarespace.com/universal/images-v6/damask/getty-16-light.png]
[assets.squarespace.com/universal/images-v6/damask/getty-32-light.png]
[assets.squarespace.com/universal/images-v6/damask/shopping-cart-16-light.png]
[assets.squarespace.com/universal/images-v6/damask/shopping-cart-32-light.png]
[static1.squarespace.com/universal/images-v6/icons/block-indicator-dark.png]
[static1.squarespace.com/universal/images-v6/icons/block-indicator-dark@2x.png]
[static1.squarespace.com/universal/images-v6/icons/opentable-icons.png]
[static1.squarespace.com/universal/images-v6/icons/icon-searchqueries-20-dark.png]
[static1.squarespace.com/universal/images-v6/icons/icon-searchqueries-20-light.png]
[assets.squarespace.com/universal/images-v6/icons/icon-video-24-light-solid.png]
[static1.squarespace.com/universal/images-v6/damask/image-inside-64-dark.png]
[static1.squarespace.com/universal/images-v6/damask/image-inside-128-dark.png]
[assets.squarespace.com/universal/images-v6/standard/icon_close_7_light.png]
[assets.squarespace.com/universal/images-v6/icons/icon-settings-16-light.png]
[static1.squarespace.com/static/sitecss/5e01f7481c79407e08d2cca0/71/52a74dafe4b073a80cd253c5/5e01f7481c79407e08d2ccb5/1038-05142015/1601113341155/site8696.css]
[images.squarespace-cdn.com/content/v1/5e01f7481c79407e08d2cca0/1580108270204-ZMGI94HQCTA7CBXN7UTF/ke17ZwdGBToddI8pDm48kHf6wJ6kGdfbS4VS6WjVMSkUqsx/Alumni.jpg]
[atmanirbhar.org/_/www.youtube.com/embed/e_Yb-nMfZww.488344.delayed]
[atmanirbhar.org/our-story.html]
[images.squarespace-cdn.com/content/v1/5e01f7481c79407e08d2cca0/1577273313926-DGYAPARJY5MW8L4VU9OK/ke17ZwdGBToddI8pDm48kH1F1OmJxAPSlg90v_L8b7OoCXe/NonProfit.jpg]
[images.squarespace-cdn.com/content/v1/5e01f7481c79407e08d2cca0/1577273324485-FCLORJ1T9RZYL7DHN0KY/ke17ZwdGBToddI8pDm48kH1F1OmJxAPSlg90v_L8b7OoCXe/Community.jpg]
[images.squarespace-cdn.com/content/v1/5e01f7481c79407e08d2cca0/1577273332382-H5EURGGZGVX4P7SR61FJ/ke17ZwdGBToddI8pDm48kH1F1OmJxAPSlg90v_L8b7OoCXe/Expert.jpg]
[atmanirbhar.org/guiding-principles.html]
[images.squarespace-cdn.com/content/v1/5e01f7481c79407e08d2cca0/1577194707950-TFAZH9Z2E64YUGRKYS9Y/ke17ZwdGBToddI8pDm48kAgqyjXlqk8T6UClfP-tbqhZw-z/BITS.gif]
[images.squarespace-cdn.com/content/v1/5e01f7481c79407e08d2cca0/1577194881950-OM8SW8UNQ3KKEEPHJBEH/ke17ZwdGBToddI8pDm48kHycbHBaTsC66glgGIIJbavlfiS/Agastya.png]
[images.squarespace-cdn.com/content/v1/5e01f7481c79407e08d2cca0/1577195052914-DAX3L2V62B7DYJJWUOCS/ke17ZwdGBToddI8pDm48kGEuvo3WT2_yI4UZPi1H42tZw-z/Nirmaan.jpg]
[images.squarespace-cdn.com/content/v1/5e01f7481c79407e08d2cca0/1577194849214-F4OBPCKJBNFZAEINZ8LI/ke17ZwdGBToddI8pDm48kH2mCJhECId8pRLuOEfUBO_lfiS/Pratham.jpg]
[images.squarespace-cdn.com/content/v1/5e01f7481c79407e08d2cca0/1577195127201-T6WU2GK87QTQ4W3HOQXD/ke17ZwdGBToddI8pDm48kLH-q8uf88VJjRtJnAg5ygcUqsx/HelpAge.jpg]
[images.squarespace-cdn.com/content/v1/5e01f7481c79407e08d2cca0/1577195470802-XSRR5S04PI3SRTHY4KX9/ke17ZwdGBToddI8pDm48kFdhgHdpbiCBMdFmKl9kd1NZw-z/logo+iird.jpg]
[images.squarespace-cdn.com/content/v1/5e01f7481c79407e08d2cca0/1577194800377-4Q9ZLN2P99PA3TB7476Q/ke17ZwdGBToddI8pDm48kGvlStSlFOPG1uwo-xuauFFZw-z/CEERI.png]
[atmanirbhar.org/partners.html]
[images.squarespace-cdn.com/content/v1/5e01f7481c79407e08d2cca0/1584168422263-KMN8USCAN79CUD152Z9Q/ke17ZwdGBToddI8pDm48kNN8YGo404g_UuBjI03H_6d7gQa/Timeline.jpg]
[atmanirbhar.org/timeline.html]
[images.squarespace-cdn.com/content/v1/5e01f7481c79407e08d2cca0/1581577471814-FT9BFOEMEXQZT74584S0/ke17ZwdGBToddI8pDm48kH6VIY2O2GwYpwtt--6WuJh7gQa/PARC+Health.jpg]
[images.squarespace-cdn.com/content/v1/5e01f7481c79407e08d2cca0/1581566427660-VM4WFY3DDLGF67BVB6O6/ke17ZwdGBToddI8pDm48kH6VIY2O2GwYpwtt--6WuJh7gQa/PARC+Education.jpg]
[images.squarespace-cdn.com/content/v1/5e01f7481c79407e08d2cca0/1581566451521-QP0LMTC78ETP9MMO6QOA/ke17ZwdGBToddI8pDm48kH6VIY2O2GwYpwtt--6WuJh7gQa/PARC+Livelihood.jpg]
[images.squarespace-cdn.com/content/v1/5e01f7481c79407e08d2cca0/1581566472580-8WGJU8Z3N4JHZ2R146XV/ke17ZwdGBToddI8pDm48kH6VIY2O2GwYpwtt--6WuJh7gQa/PARC+Community.jpg]
[atmanirbhar.org/focus-areas.html]
[images.squarespace-cdn.com/content/v1/5e01f7481c79407e08d2cca0/1577763105301-4A5OEZ9A618F12MW73CV/ke17ZwdGBToddI8pDm48kH6VIY2O2GwYpwtt--6WuJh7gQa/PhysioTherapy.jpg]
[images.squarespace-cdn.com/content/v1/5e01f7481c79407e08d2cca0/1577763127094-JSRRV51Z2O81ULUHU9A7/ke17ZwdGBToddI8pDm48kH6VIY2O2GwYpwtt--6WuJh7gQa/Arogya.jpg]
[images.squarespace-cdn.com/content/v1/5e01f7481c79407e08d2cca0/1577763155241-77DST3YT7X9I6HFTYA35/ke17ZwdGBToddI8pDm48kGaYRfUBxeg8hKJ22D1U-Bp7gQa/Health+Camp.jpg]
[atmanirbhar.org/parc-health.html]
[images.squarespace-cdn.com/content/v1/5e01f7481c79407e08d2cca0/1577763194453-WYVKN4RZ5O16ZK4IDAM8/ke17ZwdGBToddI8pDm48kH6VIY2O2GwYpwtt--6WuJh7gQa/GyanBodh.jpg]
[images.squarespace-cdn.com/content/v1/5e01f7481c79407e08d2cca0/1577763213796-AJGUVIN8HRGHM8OVDYQF/ke17ZwdGBToddI8pDm48kH6VIY2O2GwYpwtt--6WuJh7gQa/Digital+India.jpg]
[images.squarespace-cdn.com/content/v1/5e01f7481c79407e08d2cca0/1577763234388-9KHXGXD7S7TF6TVB6YKW/ke17ZwdGBToddI8pDm48kH6VIY2O2GwYpwtt--6WuJh7gQa/Agastya.jpg]
[atmanirbhar.org/parc-education.html]
[images.squarespace-cdn.com/content/v1/5e01f7481c79407e08d2cca0/1577763274062-MIV9GKCV4URYRL078H64/ke17ZwdGBToddI8pDm48kH6VIY2O2GwYpwtt--6WuJh7gQa/PARC+Livelihood.jpg]
[images.squarespace-cdn.com/content/v1/5e01f7481c79407e08d2cca0/1577763300140-HXXR60K5O6CB6LYR6Q54/ke17ZwdGBToddI8pDm48kH6VIY2O2GwYpwtt--6WuJh7gQa/MWI.jpg]
[atmanirbhar.org/parc-livelihood.html]
[images.squarespace-cdn.com/content/v1/5e01f7481c79407e08d2cca0/1577763329989-8ZIH8IOFJQUEZB904XB3/ke17ZwdGBToddI8pDm48kH6VIY2O2GwYpwtt--6WuJh7gQa/Women+Cell.jpg]
[images.squarespace-cdn.com/content/v1/5e01f7481c79407e08d2cca0/1577763354294-Q93QTPHYR0Z7Q3GD0JSE/ke17ZwdGBToddI8pDm48kH6VIY2O2GwYpwtt--6WuJh7gQa/Research.jpg]
[images.squarespace-cdn.com/content/v1/5e01f7481c79407e08d2cca0/1577763375747-FYYB86JHH2OX80VPCHI9/ke17ZwdGBToddI8pDm48kH6VIY2O2GwYpwtt--6WuJh7gQa/Excursions.jpg]
[images.squarespace-cdn.com/content/v1/5e01f7481c79407e08d2cca0/1578143066185-J6F7YW0LFRULVDU4RN26/ke17ZwdGBToddI8pDm48kH6VIY2O2GwYpwtt--6WuJh7gQa/Akash+Ganga.jpg]
[atmanirbhar.org/parc-community.html]
[atmanirbhar.org/impact-numbers.html]
[images.squarespace-cdn.com/content/v1/5e01f7481c79407e08d2cca0/1597106804279-PUWE59OPEWYULUM61RAB/ke17ZwdGBToddI8pDm48kEqX_0DKshmjNjJuuM4XA4kUqsx/Team+Banner.png]
[atmanirbhar.org/about-student-team.html]
[images.squarespace-cdn.com/content/v1/5e01f7481c79407e08d2cca0/1599615417273-UP871WI36VCOPRLBO22A/ke17ZwdGBToddI8pDm48kNua7Thuhj8ctaUPFHOvadcUqsx/WhatsApp+Image+2020-09-05+at+2.16.55+PM.jpg]
[images.squarespace-cdn.com/content/v1/5e01f7481c79407e08d2cca0/1597111058291-MPQS1ZY0WAMZ287EF0LQ/ke17ZwdGBToddI8pDm48kAyTbokelQ-42YRLyZDl_6MUqsx/Feeding+Pilani.jpg]
[images.squarespace-cdn.com/content/v1/5e01f7481c79407e08d2cca0/1597111146056-VHNAMWGOSUEMFMISL8IJ/ke17ZwdGBToddI8pDm48kOLT-QIUSxRL7DX_G7Ww7CQUqsx/Prayogshala.jpg]
[images.squarespace-cdn.com/content/v1/5e01f7481c79407e08d2cca0/1597111346545-P9SHP54JW6MADS62UQKU/ke17ZwdGBToddI8pDm48kGk4C-H51rrNcsEF_1sb7TMUqsx/Plastic+Ban.jpg]
[images.squarespace-cdn.com/content/v1/5e01f7481c79407e08d2cca0/1597111705654-WVNTC297R3ASM76OXYPG/ke17ZwdGBToddI8pDm48kHki272D5UOw2stePTYsnm57gQa/Plantation+Drive.png]
[atmanirbhar.org/student-projects.html]
[atmanirbhar.org/lesson-1.html]
[atmanirbhar.org/lesson-2.html]
[atmanirbhar.org/lesson-3.html]
[atmanirbhar.org/lesson-4.html]
[atmanirbhar.org/lesson-5.html]
[atmanirbhar.org/lesson-6.html]
[atmanirbhar.org/lesson-7.html]
[atmanirbhar.org/lesson-8.html]
[atmanirbhar.org/lesson-9.html]
[atmanirbhar.org/lesson-10.html]
[atmanirbhar.org/lesson-11.html]
[atmanirbhar.org/lesson-12.html]
[atmanirbhar.org/lesson-13.html]
[atmanirbhar.org/lesson-14.html]
[atmanirbhar.org/lesson-15.html]
[atmanirbhar.org/final-assessment.html]
[atmanirbhar.org/feedback.html]
[atmanirbhar.org/online-course.html]
[images.squarespace-cdn.com/content/v1/5e01f7481c79407e08d2cca0/1580095645902-KZWZ9E4EI07EER51V7QV/ke17ZwdGBToddI8pDm48kLu-M21ikYfMPAPi5rDGjM0Uqsx/PARC+Infrastructure.jpg]
[images.squarespace-cdn.com/content/v1/5e01f7481c79407e08d2cca0/1577345493023-HECFHJ2GMBHLN6S31KQ6/ke17ZwdGBToddI8pDm48kFr-MCz83LG2ZqzGFu9uALUUqsx/WhatsApp+Image+2019-08-24+at+10.50.42+AM.jpg]
[images.squarespace-cdn.com/content/v1/5e01f7481c79407e08d2cca0/1577345467360-BN6Q4ZOKT91THO2RKYHK/ke17ZwdGBToddI8pDm48kLkXF2pIyv_F2eUT9F60jBl7gQa/IMG_0562-001.jpg]
[images.squarespace-cdn.com/content/v1/5e01f7481c79407e08d2cca0/1580094384265-5PB8QBPCC4B0I08ZY8W1/ke17ZwdGBToddI8pDm48kLLtnLolyJOdIThXMrqNS1ZZw-z/Parc+Education.jpg]
[images.squarespace-cdn.com/content/v1/5e01f7481c79407e08d2cca0/1577345551989-XEYZRYD17Z3ANLGMGYGI/ke17ZwdGBToddI8pDm48kLkXF2pIyv_F2eUT9F60jBl7gQa/Van+sideways.jpg]
[images.squarespace-cdn.com/content/v1/5e01f7481c79407e08d2cca0/1577357850708-Z5DBOQIE6ROQZMA74N40/ke17ZwdGBToddI8pDm48kP92q0qEL9eD0X695Krqs4J7gQa/-1.jpg]
[images.squarespace-cdn.com/content/v1/5e01f7481c79407e08d2cca0/1577357940987-MGUMJ1X3ZZ7SHBHHGSO0/ke17ZwdGBToddI8pDm48kMKv7OSSjUkHsuwCpCOcsVZ7gQa/IMG_0500-001.jpg]
[images.squarespace-cdn.com/content/v1/5e01f7481c79407e08d2cca0/1577345626698-A2O811HVRFFVK269230F/ke17ZwdGBToddI8pDm48kEle7hJuWr-nVLX06WDmUq4Uqsx/IMG-20161114-WA0043-001.jpg]
[images.squarespace-cdn.com/content/v1/5e01f7481c79407e08d2cca0/1577357974233-R5YQO2C1URF8OS6FK8CU/ke17ZwdGBToddI8pDm48kOX3UvKs5oJT9m2bSKCtDsgUqsx/IMG-20161114-WA0039-001.jpg]
[images.squarespace-cdn.com/content/v1/5e01f7481c79407e08d2cca0/1577357802033-N8Z6J929GIY8KOUV8Z3G/ke17ZwdGBToddI8pDm48kJ-uQgmVFn-RlSZy5mVraZ9Zw-z/IMG_0267+(2)-001.jpg]
[images.squarespace-cdn.com/content/v1/5e01f7481c79407e08d2cca0/1577501408018-R8N5ED4DRV5XE4R51AXJ/ke17ZwdGBToddI8pDm48kFTjpriHf04uq1Hm6BRMkFFZw-z/DI+1.jpg]
[images.squarespace-cdn.com/content/v1/5e01f7481c79407e08d2cca0/1580094448578-6UJDJH83GGZLKX601L3I/ke17ZwdGBToddI8pDm48kO0yEEFSfc9mL2IQckkS7-ZZw-z/Parc+Livelihood.jpg]
[images.squarespace-cdn.com/content/v1/5e01f7481c79407e08d2cca0/1577358280729-WE5TLC7I93QVC47AFLPS/ke17ZwdGBToddI8pDm48kEY_6tZp1Mvrc4ySJE0n8BgUqsx/Grooming.jpg]
[images.squarespace-cdn.com/content/v1/5e01f7481c79407e08d2cca0/1577358605053-B1G8S348PA3UJKTS75M2/ke17ZwdGBToddI8pDm48kCGc3bhitFxEinVNAhVTnANZw-z/grad.jpg]
[images.squarespace-cdn.com/content/v1/5e01f7481c79407e08d2cca0/1577501446722-SGG3N8AVRTE8RE2N43E5/ke17ZwdGBToddI8pDm48kBQFB9idyKKIl0XyAyq5U1AUqsx/DI+2.jpg]
[images.squarespace-cdn.com/content/v1/5e01f7481c79407e08d2cca0/1581595053048-4VLUIVTN5GAZZEM4FHJT/ke17ZwdGBToddI8pDm48kNvT88LknE-K9M4pGNO0Iqd7gQa/Housekeeping.jpg]
[images.squarespace-cdn.com/content/v1/5e01f7481c79407e08d2cca0/1577358156967-EQAPR6IGOQ65KJN3WED4/ke17ZwdGBToddI8pDm48kGAfgG4NGFD0GsIIz53e7cVZw-z/F&B+Training-001.jpg]
[images.squarespace-cdn.com/content/v1/5e01f7481c79407e08d2cca0/1577358665761-ZNH03JE6I0FLVSP8Z8N5/ke17ZwdGBToddI8pDm48kJBpL2rg91aBT6MKbdJ_dDsUqsx/FB+Class.jpg]
[images.squarespace-cdn.com/content/v1/5e01f7481c79407e08d2cca0/1577360025695-YA1DXDQLNT7Y90T0OJR1/ke17ZwdGBToddI8pDm48kAUpJtN3dMOE_Qsc870ZfCl7gQa/_DSC7879+BW.jpg]
[images.squarespace-cdn.com/content/v1/5e01f7481c79407e08d2cca0/1581596047013-APCK8WVHNBAWJ3VH09B3/ke17ZwdGBToddI8pDm48kDUdJMgsfUzx90vP0Gokl8gUqsx/Housekeeping+Tools.jpg]
[images.squarespace-cdn.com/content/v1/5e01f7481c79407e08d2cca0/1581595112613-HHNNVP2MYWKWRWPRSYA7/ke17ZwdGBToddI8pDm48kAyoVulqGdTv5KWW3ms2cMMUqsx/PARC+Health.png]
[images.squarespace-cdn.com/content/v1/5e01f7481c79407e08d2cca0/1577364404298-XA0SBRAGEN1A5A5KYMLG/ke17ZwdGBToddI8pDm48kO9oVOVFOQsEn7_u5MBN3M17gQa/20161116_112253-001.jpg]
[images.squarespace-cdn.com/content/v1/5e01f7481c79407e08d2cca0/1577364449580-RBRG1EBAJG6PMCWSM7TL/ke17ZwdGBToddI8pDm48kF9j77ScvQRVVqp6vmg7QEp7gQa/Eye+Camp-001.jpg]
[images.squarespace-cdn.com/content/v1/5e01f7481c79407e08d2cca0/1577364479753-NU1SAUX03AJCT3O9NTGL/ke17ZwdGBToddI8pDm48kAvdkb3CNuXChRgEIzwpKrAUqsx/Vaccination.jpg]
[images.squarespace-cdn.com/content/v1/5e01f7481c79407e08d2cca0/1577364917920-LIHNYVO622UOE7X0KCKG/ke17ZwdGBToddI8pDm48kDH1SVUBaKF0hqpQZ83D4x57gQa/IMG_E0355+BW.jpg]
[images.squarespace-cdn.com/content/v1/5e01f7481c79407e08d2cca0/1577364809583-LCNJOSHBQPUUBRLNLUGG/ke17ZwdGBToddI8pDm48kDHPSfPanjkWqhH6pl6g5ph7gQa/image-asset.jpg]
[images.squarespace-cdn.com/content/v1/5e01f7481c79407e08d2cca0/1577365138492-8B8ZGLNDBR8QR6NDQ6CC/ke17ZwdGBToddI8pDm48kKmw982fUOZVIQXHUCR1F55Zw-z/20160321_120641+BW.jpg]
[images.squarespace-cdn.com/content/v1/5e01f7481c79407e08d2cca0/1580102042919-MPLDXUO5BW8UMG5NA7AT/ke17ZwdGBToddI8pDm48kNCH0IFo-E28D0rm_d_wnF4Uqsx/Attendees.jpg]
[images.squarespace-cdn.com/content/v1/5e01f7481c79407e08d2cca0/1577364875039-8SJWNZF804GIK51504JX/ke17ZwdGBToddI8pDm48kDHPSfPanjkWqhH6pl6g5ph7gQa/image-asset.jpg]
[images.squarespace-cdn.com/content/v1/5e01f7481c79407e08d2cca0/1577364729643-ZS6SHLK8T4ZCOHCYFY0U/ke17ZwdGBToddI8pDm48kDHPSfPanjkWqhH6pl6g5ph7gQa/image-asset.jpg]
[images.squarespace-cdn.com/content/v1/5e01f7481c79407e08d2cca0/1577365117362-PE0G00WYTFRI76XPI20V/ke17ZwdGBToddI8pDm48kBcTP-uM9ofdc3_gfwYoycUUqsx/2+BW.jpg]
[images.squarespace-cdn.com/content/v1/5e01f7481c79407e08d2cca0/1580101983524-XZFV9NFV6AEDPZBIJJQX/ke17ZwdGBToddI8pDm48kJ5dJLOdpz-1bwR2J6ID-54Uqsx/Banner.jpg]
[images.squarespace-cdn.com/content/v1/5e01f7481c79407e08d2cca0/1580102089491-D05K1EO7QUQVLXEHAA71/ke17ZwdGBToddI8pDm48kOLT-QIUSxRL7DX_G7Ww7CQUqsx/Session.jpg]
[images.squarespace-cdn.com/content/v1/5e01f7481c79407e08d2cca0/1583825654587-F0L1MWUDOLU0E5LR535F/ke17ZwdGBToddI8pDm48kJ7qCJnd-9dUFi-EBo_swvp7gQa/BW+5.jpg]
[images.squarespace-cdn.com/content/v1/5e01f7481c79407e08d2cca0/1583825737626-TRKG0JFOXC3L7MO3CUYV/ke17ZwdGBToddI8pDm48kK60W-ob1oA2Fm-j4E_9NQB7gQa/BW+1.jpg]
[images.squarespace-cdn.com/content/v1/5e01f7481c79407e08d2cca0/1583825815281-PEWIBJHTRMDV6UQPCABC/ke17ZwdGBToddI8pDm48kOAlEm6JHVhd31y_rdqP5cB7gQa/BW+4.jpg]
[images.squarespace-cdn.com/content/v1/5e01f7481c79407e08d2cca0/1584970975306-Z13CQWTGSKQ9E48I29P4/ke17ZwdGBToddI8pDm48kNvT88LknE-K9M4pGNO0Iqd7gQa/Old+Couple+BW.png]
[images.squarespace-cdn.com/content/v1/5e01f7481c79407e08d2cca0/1580094496266-UYEZNV1ZKSD51ERGIP7W/ke17ZwdGBToddI8pDm48kNHojlBmWNELJpGYv2iAYyRZw-z/Parc+Community.jpg]
[images.squarespace-cdn.com/content/v1/5e01f7481c79407e08d2cca0/1577358760745-C4ZRI1QZEC5YZQ9ICM4V/ke17ZwdGBToddI8pDm48kMRBMJn6ex4ShNMYsXZtk-VZw-z/IMG_4739-001.jpg]
[images.squarespace-cdn.com/content/v1/5e01f7481c79407e08d2cca0/1577358103140-NHF3QNA97WWXHNWLXEQR/ke17ZwdGBToddI8pDm48kH7ItfJZOPpKcAsnn6y2s7t7gQa/IMG_8540-001.jpg]
[images.squarespace-cdn.com/content/v1/5e01f7481c79407e08d2cca0/1577360365635-FU1P5YL8F6ZSODBH2Z4I/ke17ZwdGBToddI8pDm48kEwE4YGvcSI7Oatlel25hxV7gQa/BW.jpg]
[images.squarespace-cdn.com/content/v1/5e01f7481c79407e08d2cca0/1577360408150-VAY10VQL3I71RHL26CRG/ke17ZwdGBToddI8pDm48kCHChmuivJZ1Va5ov3ZJeg17gQa/image-asset.jpg]
[images.squarespace-cdn.com/content/v1/5e01f7481c79407e08d2cca0/1577359913644-68NZYAW0EDALZR4N0KN8/ke17ZwdGBToddI8pDm48kCHChmuivJZ1Va5ov3ZJeg17gQa/_DSC7878+BW.jpg]
[images.squarespace-cdn.com/content/v1/5e01f7481c79407e08d2cca0/1577359861393-EO8DMCAPIR9O9AQXV45L/ke17ZwdGBToddI8pDm48kFvsyJ0Kmni3Em4u-CHCbl97gQa/DSC_0185+BW.jpg]
[atmanirbhar.org/photos.html]
[atmanirbhar.org/_/www.youtube.com/embed/aR1QHjW1nME.a98344.delayed]
[atmanirbhar.org/_/www.youtube.com/embed/k8ceGADDpq8.ab8344.delayed]
[atmanirbhar.org/_/www.youtube.com/embed/1FmPxDd9C0M.ad8344.delayed]
[atmanirbhar.org/_/www.youtube.com/embed/aHZd5DIhek0.af8344.delayed]
[atmanirbhar.org/_/www.youtube.com/embed/HAcCAOj-9kA.b18344.delayed]
[atmanirbhar.org/_/www.youtube.com/embed/T26gUg9fhT8.b38344.delayed]
[atmanirbhar.org/_/www.youtube.com/embed/M1LzVCUqHPw.b58344.delayed]
[atmanirbhar.org/_/www.youtube.com/embed/2ms8r2KKYOY.b78344.delayed]
[atmanirbhar.org/videos.html]
[images.squarespace-cdn.com/content/v1/5e01f7481c79407e08d2cca0/1583825138485-C814R8OJIQ7K0JF2KB7P/ke17ZwdGBToddI8pDm48kASdsp4-8CZ6QSwZGhir7UpZw-z/News.jpg]
[images.squarespace-cdn.com/content/v1/5e01f7481c79407e08d2cca0/1577365690201-RBKU63L5BNDIYBXCERAP/ke17ZwdGBToddI8pDm48kOKHKxrQAvOkAaTziW6eaVp7gQa/AP+22-4-2012.png]
[images.squarespace-cdn.com/content/v1/5e01f7481c79407e08d2cca0/1577365445691-9I2TIXEENII9KTV9AED5/ke17ZwdGBToddI8pDm48kFa1uWHAe-aFkeG-2NKDyOJ7gQa/DH+22-4-12+(2).jpg]
[images.squarespace-cdn.com/content/v1/5e01f7481c79407e08d2cca0/1577365510911-NUKN7UEZ4SU6R0UBR4YH/ke17ZwdGBToddI8pDm48kEmDztxonPubOQeVvdKg0JxZw-z/DH+Page+22-4-12.jpg]
[images.squarespace-cdn.com/content/v1/5e01f7481c79407e08d2cca0/1583825173474-UGMFJ8EFNW8PRS1EXT8N/ke17ZwdGBToddI8pDm48kO8Mw0kYMa4A5UFi73oormcUqsx/WhatsApp+Image+2020-03-09+at+10.00.58+AM.jpg]
[images.squarespace-cdn.com/content/v1/5e01f7481c79407e08d2cca0/1577365495604-C44HN4YYRAD0FAQ1F8CY/ke17ZwdGBToddI8pDm48kCOT7TATFNsxW3EV5Riq-Lt7gQa/RP+22-4-12.png]
[images.squarespace-cdn.com/content/v1/5e01f7481c79407e08d2cca0/1577365471778-P3HIEILU0VAN9YZ61A1A/ke17ZwdGBToddI8pDm48kP_vLNqYL6-8JKyT90qH4v9Zw-z/PRC+Karate+Kids.jpg]
[images.squarespace-cdn.com/content/v1/5e01f7481c79407e08d2cca0/1577365557657-0G1HO8OIOQH2HT7N8U70/ke17ZwdGBToddI8pDm48kIvnZt0R7lQXbIUdBZTsfAZ7gQa/Bits+media003.jpg]
[images.squarespace-cdn.com/content/v1/5e01f7481c79407e08d2cca0/1577365648792-5J3WS28MFFEIZTJ9YNJP/ke17ZwdGBToddI8pDm48kOc9ST6fqRCnG_J8BEZ1eJ4Uqsx/DN+23-4-12.png]
[images.squarespace-cdn.com/content/v1/5e01f7481c79407e08d2cca0/1577365616076-4YRSNGDHD94GKZMXTFI0/ke17ZwdGBToddI8pDm48kKkW6yH8oXuj3vNYeBDqSacUqsx/Jola+Roadwork+2.jpg]
[images.squarespace-cdn.com/content/v1/5e01f7481c79407e08d2cca0/1577365817785-055EX4T9K7L1IT8TE8A6/ke17ZwdGBToddI8pDm48kNttAT1G-cZjuvVfvmiSnXV7gQa/image-asset.jpg]
[images.squarespace-cdn.com/content/v1/5e01f7481c79407e08d2cca0/1577365848742-53ZX2QL68Z733KNNE3VV/ke17ZwdGBToddI8pDm48kNG_t-wE3vFeQyqdyGXo45B7gQa/image-asset.jpg]
[atmanirbhar.org/press.html]
[atmanirbhar.org/faqs.html]
[atmanirbhar.org/blogsa409]
[atmanirbhar.org/blogs/ms7ehux9ijqfytey8mpmpbngdpva8o-2020-2-23.html]
[images.squarespace-cdn.com/content/v1/5e01f7481c79407e08d2cca0/1599655508403-RQAGWTPRDGZORKSRDYVP/ke17ZwdGBToddI8pDm48kAUQw1to8GRfNNFEpjvzxeJZw-z/Sasi+Kumar.jpg]
[atmanirbhar.org/blogs3eaa.html]
[images.squarespace-cdn.com/content/v1/5e01f7481c79407e08d2cca0/1599655696492-ECPKXOCD3872KOTMY5EX/ke17ZwdGBToddI8pDm48kAf-OpKpNsh_OjjU8JOdDKBZw-z/Shobit.jpg]
[atmanirbhar.org/blogs123a.html]
[atmanirbhar.org/_/www.youtube.com/embed/AN5GXHBVr28.cc8344.delayed]
[atmanirbhar.org/blogs/covid-19-awareness-drive-parc-23-jun-2020-2020-6-24.html]
[images.squarespace-cdn.com/content/v1/5e01f7481c79407e08d2cca0/1592987508312-DP8WET5FPO03H48K2P87/ke17ZwdGBToddI8pDm48kFr-MCz83LG2ZqzGFu9uALUUqsx/WhatsApp+Image+2020-06-24+at+8.54.11+AM.jpg]
[images.squarespace-cdn.com/content/v1/5e01f7481c79407e08d2cca0/1592987550706-NQSTQ0JAF2FRJ6SJQVSO/ke17ZwdGBToddI8pDm48kFr-MCz83LG2ZqzGFu9uALUUqsx/WhatsApp+Image+2020-06-23+at+12.29.26+PM.jpg]
[images.squarespace-cdn.com/content/v1/5e01f7481c79407e08d2cca0/1592987532297-OG7PMX3RLUD3TEJLX1NI/ke17ZwdGBToddI8pDm48kFr-MCz83LG2ZqzGFu9uALUUqsx/WhatsApp+Image+2020-06-23+at+12.29.26+PM+(1).jpg]
[atmanirbhar.org/blogs/respimatic-100-a-low-cost-respirator-2020-4-16.html]
[images.squarespace-cdn.com/content/v1/5e01f7481c79407e08d2cca0/1587039660768-JV5YO0VWV3MOEVQMHQED/ke17ZwdGBToddI8pDm48kJjoka1uG9qd4dG-V7XudX0Uqsx/Protos+and+DUT.jpg]
[atmanirbhar.org/_/www.youtube.com/embed/lAPBwPOyvQ0.d48344.delayed]
[images.squarespace-cdn.com/content/v1/5e01f7481c79407e08d2cca0/1585226591985-XDVDRENFBS9054UYN8VU/ke17ZwdGBToddI8pDm48kFPMNY03bGZs-Wog5bUWXdd7gQa/BW+IMG_8560.jpg]
[images.squarespace-cdn.com/content/v1/5e01f7481c79407e08d2cca0/1585226496423-DJRKDCMCTV8ZBHP6XNNB/ke17ZwdGBToddI8pDm48kBG4fKjbbU_EdsGxYCn7ZjN7gQa/BW+IMG_8540.jpg]
[images.squarespace-cdn.com/content/v1/5e01f7481c79407e08d2cca0/1585226531925-1CGFQXB7ERZXVKVSMZRJ/ke17ZwdGBToddI8pDm48kCywqaSqdsWZ4_BHmPgMh_F7gQa/BW+IMG_8557.jpg]
[images.squarespace-cdn.com/content/v1/5e01f7481c79407e08d2cca0/1583903440825-2I5DXWK2DX7KXHW4IY2Z/ke17ZwdGBToddI8pDm48kASdsp4-8CZ6QSwZGhir7UpZw-z/News.jpg]
[images.squarespace-cdn.com/content/v1/5e01f7481c79407e08d2cca0/1583903499051-B0KI5JTZMFH6OB7PI53H/ke17ZwdGBToddI8pDm48kK60W-ob1oA2Fm-j4E_9NQB7gQa/BW+1.jpg]
[images.squarespace-cdn.com/content/v1/5e01f7481c79407e08d2cca0/1583903538018-29S6HWAZYD0AG1NBMD6H/ke17ZwdGBToddI8pDm48kOAlEm6JHVhd31y_rdqP5cB7gQa/image-asset.jpg]
[images.squarespace-cdn.com/content/v1/5e01f7481c79407e08d2cca0/1583903462211-6O9YEACTE0IURKXXUAMK/ke17ZwdGBToddI8pDm48kO8Mw0kYMa4A5UFi73oormcUqsx/WhatsApp+Image+2020-03-09+at+10.00.58+AM.jpg]
[images.squarespace-cdn.com/content/v1/5e01f7481c79407e08d2cca0/1582455850652-BUI7NSMQCVFNE63B80EH/ke17ZwdGBToddI8pDm48kJBpL2rg91aBT6MKbdJ_dDsUqsx/FB+Class.jpg]
[images.squarespace-cdn.com/content/v1/5e01f7481c79407e08d2cca0/1582457731729-7Z8UW4T3KZLHJIDWXAPQ/ke17ZwdGBToddI8pDm48kNvT88LknE-K9M4pGNO0Iqd7gQa/Housekeeping.jpg]
[images.squarespace-cdn.com/content/v1/5e01f7481c79407e08d2cca0/1582455880960-7VV5ZR34G5NYB2BOJNIR/ke17ZwdGBToddI8pDm48kCGc3bhitFxEinVNAhVTnANZw-z/grad.jpg]
[atmanirbhar.org/blogs/baba-kalyani-motivates-the-parc-team-2020-2-22.html]
[images.squarespace-cdn.com/content/v1/5e01f7481c79407e08d2cca0/1582341112393-MZG8RHP4G4C6422P93PK/ke17ZwdGBToddI8pDm48kLkXF2pIyv_F2eUT9F60jBl7gQa/IMG_6813.jpg]
[images.squarespace-cdn.com/content/v1/5e01f7481c79407e08d2cca0/1582341235717-U90KBHO6NWLZN1YDEOMQ/ke17ZwdGBToddI8pDm48kLkXF2pIyv_F2eUT9F60jBl7gQa/image-asset.jpg]
[images.squarespace-cdn.com/content/v1/5e01f7481c79407e08d2cca0/1582341325895-IF2GR1MH9J01P126MH9Y/ke17ZwdGBToddI8pDm48kLkXF2pIyv_F2eUT9F60jBl7gQa/image-asset.jpg]
[images.squarespace-cdn.com/content/v1/5e01f7481c79407e08d2cca0/1582341397046-8XROG67TQSLEZ8CEO9VV/ke17ZwdGBToddI8pDm48kLkXF2pIyv_F2eUT9F60jBl7gQa/image-asset.jpg]
[atmanirbhar.org/blogs/sample-blog-2-2020-1-26.html]
[images.squarespace-cdn.com/content/v1/5e01f7481c79407e08d2cca0/1580042028457-X5IXQPWGCJ7BENBWMJLX/ke17ZwdGBToddI8pDm48kJ5dJLOdpz-1bwR2J6ID-54Uqsx/WhatsApp+Image+2020-01-25+at+5.19.35+PM+(1).jpg]
[images.squarespace-cdn.com/content/v1/5e01f7481c79407e08d2cca0/1580042058638-TBRKOSMQV8HVMGXPC707/ke17ZwdGBToddI8pDm48kNCH0IFo-E28D0rm_d_wnF4Uqsx/WhatsApp+Image+2020-01-26+at+9.49.54+AM.jpg]
[images.squarespace-cdn.com/content/v1/5e01f7481c79407e08d2cca0/1580042025977-RU18ELYUHN9FCD4XN8NV/ke17ZwdGBToddI8pDm48kOLT-QIUSxRL7DX_G7Ww7CQUqsx/WhatsApp+Image+2020-01-25+at+5.17.47+PM.jpg]
[images.squarespace-cdn.com/content/v1/5e01f7481c79407e08d2cca0/1580042040581-VO9DV1IVWF6WT8OMOLDW/ke17ZwdGBToddI8pDm48kJWKTaOiO-7My5-gVNdkru4Uqsx/Certificate.jpg]
[atmanirbhar.org/blogs/sample-blogs-1-2020-1-26.html]
[images.squarespace-cdn.com/content/v1/5e01f7481c79407e08d2cca0/1580041291109-P8HI81EMJ0LCJZTQZHQ2/ke17ZwdGBToddI8pDm48kInVjO_zAuoEpYgio0qwsF8Uqsx/IMG-20191124-WA0001.jpg]
[images.squarespace-cdn.com/content/v1/5e01f7481c79407e08d2cca0/1580041288998-KNVTWC0SPKYVTSFWON3Z/ke17ZwdGBToddI8pDm48kINe5m9t8oDtAJOv4tORjPBZw-z/Approval.png]
[images.squarespace-cdn.com/content/v1/5e01f7481c79407e08d2cca0/1580041289523-J17P2UXA8NHX4W8J9VX6/ke17ZwdGBToddI8pDm48kDeO_ttC1sMe7jcFubRrsnkUqsx/IMG-20191123-WA0006.jpg]
[images.squarespace-cdn.com/content/v1/5e01f7481c79407e08d2cca0/1580041295043-2MXIT5H8EP8SSDCD39WW/ke17ZwdGBToddI8pDm48kP_T-oyvM60L3V8sukVf7jkUqsx/IMG-20191124-WA0002.jpg]
[atmanirbhar.org/blogs.html]
[atmanirbhar.org/donations-india.html]
[images.squarespace-cdn.com/content/v1/5e01f7481c79407e08d2cca0/1581300956387-1KFAP43B00Y5L8KU9A6D/ke17ZwdGBToddI8pDm48kGHpVUVpMjPK_cdqshEPupdZw-z/Indian+Passport.jpg]
[atmanirbhar.org/donations-usa.html]
[images.squarespace-cdn.com/content/v1/5e01f7481c79407e08d2cca0/1581300981628-US1RWIHGW53KTR5DQIWX/ke17ZwdGBToddI8pDm48kNqI2MoqjrtFuZJJOv7Ci_RZw-z/US+Passport.jpg]
[atmanirbhar.org/donations-others.html]
[images.squarespace-cdn.com/content/v1/5e01f7481c79407e08d2cca0/1581301002548-Z3O0V6FFF80UEQ08RR36/ke17ZwdGBToddI8pDm48kKHOy4adrvmMLYIcjxQMWZhZw-z/Other+Passports.jpg]
[atmanirbhar.org/donations.html]
[atmanirbhar.org/spread-the-word.html]
[atmanirbhar.org/_/www.youtube.com/embed/J1SVlDbH7AE9ae1.html]
[atmanirbhar.org/_/www.youtube.com/embed/J1SVlDbH7AE8344.html]
[atmanirbhar.org/blogs/talks-on-career-in-social-sector22c8.html]
[images.squarespace-cdn.com/content/5e01f7481c79407e08d2cca0/1599655508403-RQAGWTPRDGZORKSRDYVP/Sasi+Kumaree8a.jpg]
[atmanirbhar.org/blogs/talks-on-career-in-social-sector.html]
[atmanirbhar.org/blogs/parcs-first-online-course-2020-9-522c8.html]
[atmanirbhar.org/blogs/_/www.youtube.com/embed/AN5GXHBVr28.f88344.delayed]
[atmanirbhar.org/blogs/parcs-first-online-course-2020-9-5.html]
[atmanirbhar.org/blogs/parc-plantation-drive-2020-3-2622c8.html]
[images.squarespace-cdn.com/content/5e01f7481c79407e08d2cca0/1585226438828-II7DF1BR300Z4563QNUJ/BW+IMG_854743a3.jpg]
[atmanirbhar.org/blogs/parc-plantation-drive-2020-3-26.html]
[atmanirbhar.org/blogs/preventing-blindness-eye-camp-at-parc-2020-3-1122c8.html]
[images.squarespace-cdn.com/content/5e01f7481c79407e08d2cca0/1583903335477-W17OUCOAHEUKOXJF0KFP/BW+543a3.jpg]
[atmanirbhar.org/blogs/preventing-blindness-eye-camp-at-parc-2020-3-11.html]
[atmanirbhar.org/subscription-newsletter.html]
[atmanirbhar.org/address.html]
[assets.squarespace.com/universal/images-v6/damask/gallery-play-big.html]
[assets.squarespace.com/universal/images-v6/damask/gallery-play-big@2x.html]
[atmanirbhar.org/_/www.youtube.com/embed/e_Yb-nMfZww9ae1.html]
[atmanirbhar.org/_/www.youtube.com/embed/e_Yb-nMfZww8344.html]
[atmanirbhar.org/_/www.youtube.com/embed/xtsmkDssxfM.1008344.delayed]
[atmanirbhar.org/lesson-1.html]
[atmanirbhar.org/_/www.youtube.com/embed/zmM-HZrBJck.1038344.delayed]
[atmanirbhar.org/_/www.youtube.com/embed/NdDvsI8AuMc.1058344.delayed]
[atmanirbhar.org/_/www.youtube.com/embed/Ps5IZu5uSRs.1078344.delayed]
[atmanirbhar.org/lesson-2.html]
[atmanirbhar.org/_/www.youtube.com/embed/9z-Eq9v1eBs.10a8344.delayed]
[atmanirbhar.org/_/www.youtube.com/embed/L7Dtn4ifHGs.10d8344.delayed]
[atmanirbhar.org/_/www.youtube.com/embed/IXQS6GGn1pQ.1108344.delayed]
[atmanirbhar.org/lesson-3.html]
[atmanirbhar.org/_/www.youtube.com/embed/OzKnxUKVLTA.1138344.delayed]
[atmanirbhar.org/_/www.youtube.com/embed/gRPpe3B6CEs.1158344.delayed]
[atmanirbhar.org/_/www.youtube.com/embed/oRTaHlZv1KI.1178344.delayed]
[atmanirbhar.org/lesson-4.html]
[atmanirbhar.org/_/www.youtube.com/embed/BXI7oOP7N5Y.11a8344.delayed]
[atmanirbhar.org/lesson-5.html]
[atmanirbhar.org/lesson-6.html]
[atmanirbhar.org/_/www.youtube.com/embed/a6WbvO2fP_0.11d8344.delayed]
[atmanirbhar.org/_/www.youtube.com/embed/B5RyjAtMzSQ.1208344.delayed]
[atmanirbhar.org/lesson-7.html]
[atmanirbhar.org/_/www.youtube.com/embed/rsz7fKmM-s8.1238344.delayed]
[atmanirbhar.org/lesson-8.html]
[atmanirbhar.org/_/www.youtube.com/embed/5epfj9uFepk.1268344.delayed]
[atmanirbhar.org/_/www.youtube.com/embed/gU21Xchdoio.1298344.delayed]
[atmanirbhar.org/lesson-9.html]
[atmanirbhar.org/_/www.youtube.com/embed/0eBTpEl8g_4.12c8344.delayed]
[atmanirbhar.org/lesson-10.html]
[atmanirbhar.org/_/www.youtube.com/embed/dSaDSlOdyRs.12f8344.delayed]
[atmanirbhar.org/lesson-11.html]
[atmanirbhar.org/_/www.youtube.com/embed/H3lttGCb3pE.1338344.delayed]
[atmanirbhar.org/lesson-12.html]
[atmanirbhar.org/_/www.youtube.com/embed/lZga8mlESxg.1368344.delayed]
[atmanirbhar.org/_/www.youtube.com/embed/5cegZI-mvpc.1398344.delayed]
[atmanirbhar.org/lesson-13.html]
[atmanirbhar.org/_/www.youtube.com/embed/bZk6fmVRNbU.13c8344.delayed]
[atmanirbhar.org/_/www.youtube.com/embed/6AS0ujl4M8Y.13e8344.delayed]
[atmanirbhar.org/lesson-14.html]
[atmanirbhar.org/_/www.youtube.com/embed/Kh6iLxdX3F4.1418344.delayed]
[atmanirbhar.org/lesson-15.html]
[atmanirbhar.org/final-assessment.html]
[atmanirbhar.org/feedback.html]
[atmanirbhar.org/_/www.youtube.com/embed/aR1QHjW1nME9ae1.html]
[atmanirbhar.org/_/www.youtube.com/embed/aR1QHjW1nME8344.html]
[atmanirbhar.org/_/www.youtube.com/embed/k8ceGADDpq89ae1.html]
[atmanirbhar.org/_/www.youtube.com/embed/k8ceGADDpq88344.html]
[atmanirbhar.org/_/www.youtube.com/embed/1FmPxDd9C0M9ae1.html]
[atmanirbhar.org/_/www.youtube.com/embed/1FmPxDd9C0M8344.html]
[atmanirbhar.org/_/www.youtube.com/embed/aHZd5DIhek09ae1.html]
[atmanirbhar.org/_/www.youtube.com/embed/aHZd5DIhek08344.html]
[atmanirbhar.org/_/www.youtube.com/embed/HAcCAOj-9kA9ae1.html]
[atmanirbhar.org/_/www.youtube.com/embed/HAcCAOj-9kA8344.html]
[atmanirbhar.org/_/www.youtube.com/embed/T26gUg9fhT89ae1.html]
[atmanirbhar.org/_/www.youtube.com/embed/T26gUg9fhT88344.html]
[atmanirbhar.org/_/www.youtube.com/embed/M1LzVCUqHPw9ae1.html]
[atmanirbhar.org/_/www.youtube.com/embed/M1LzVCUqHPw8344.html]
[atmanirbhar.org/_/www.youtube.com/embed/2ms8r2KKYOY9ae1.html]
[atmanirbhar.org/_/www.youtube.com/embed/2ms8r2KKYOY8344.html]
[atmanirbhar.org/blogs/ms7ehux9ijqfytey8mpmpbngdpva8o-2020-2-2322c8.html]
[images.squarespace-cdn.com/content/5e01f7481c79407e08d2cca0/1582455814298-BI69JUIDVRAVFP48XHDH/F&B+Training-001ee8a.jpg]
[atmanirbhar.org/blogs/ms7ehux9ijqfytey8mpmpbngdpva8o-2020-2-23.html]
[atmanirbhar.org/blogs3eaa.html]
[atmanirbhar.org/blogs123a.html]
[atmanirbhar.org/_/www.youtube.com/embed/AN5GXHBVr289ae1.html]
[atmanirbhar.org/_/www.youtube.com/embed/AN5GXHBVr288344.html]
[images.squarespace-cdn.com/content/5e01f7481c79407e08d2cca0/1592987508312-DP8WET5FPO03H48K2P87/WhatsApp+Image+2020-06-24+at+8.54.11+AMee8a.jpg]
[atmanirbhar.org/blogs/covid-19-awareness-drive-parc-23-jun-2020-2020-6-24.html]
[atmanirbhar.org/blogs/respimatic-100-a-low-cost-respirator-2020-4-1622c8.html]
[images.squarespace-cdn.com/content/5e01f7481c79407e08d2cca0/1587039660768-JV5YO0VWV3MOEVQMHQED/Protos+and+DUTee8a.jpg]
[atmanirbhar.org/blogs/_/www.youtube.com/embed/lAPBwPOyvQ0.14c8344.delayed]
[atmanirbhar.org/blogs/respimatic-100-a-low-cost-respirator-2020-4-16.html]
[atmanirbhar.org/_/www.youtube.com/embed/lAPBwPOyvQ09ae1.html]
[atmanirbhar.org/_/www.youtube.com/embed/lAPBwPOyvQ08344.html]
[atmanirbhar.org/blogs/baba-kalyani-motivates-the-parc-team-2020-2-2222c8.html]
[images.squarespace-cdn.com/content/5e01f7481c79407e08d2cca0/1582340714702-O7ATSSIVQ39CC462Z9OV/IMG_679643a3.jpg]
[atmanirbhar.org/blogs/baba-kalyani-motivates-the-parc-team-2020-2-22.html]
[atmanirbhar.org/blogs/sample-blog-2-2020-1-2622c8.html]
[images.squarespace-cdn.com/content/5e01f7481c79407e08d2cca0/1582340900859-4S12KN6B9SYEN5N5UUEZ/WhatsApp+Image+2020-01-25+at+5.17.47+PM+(1)ee8a.jpg]
[atmanirbhar.org/blogs/sample-blog-2-2020-1-26.html]
[atmanirbhar.org/blogs/sample-blogs-1-2020-1-2622c8.html]
[images.squarespace-cdn.com/content/5e01f7481c79407e08d2cca0/1582340986103-LKUKWDGV9334X4FVRYGF/IMG-20191124-WA0001ee8a.jpg]
[atmanirbhar.org/blogs/sample-blogs-1-2020-1-26.html]
[images.squarespace-cdn.com/content/v1/5e01f7481c79407e08d2cca0/1581301050632-M09Q2KGFVD8KQUIFK5FT/ke17ZwdGBToddI8pDm48kAvtZGfereN4jePUnn7OQNFZw-z/payment-gateway.jpg]
[atmanirbhar.org/donations-india-online.html]
[images.squarespace-cdn.com/content/v1/5e01f7481c79407e08d2cca0/1581301073487-4UVM0KXJSKZXL8VB8NWS/ke17ZwdGBToddI8pDm48kPBjcpHNSu0KCxv4kobRmsdZw-z/Wire+Transfer.jpg]
[atmanirbhar.org/donations-india-wire.html]
[images.squarespace-cdn.com/content/v1/5e01f7481c79407e08d2cca0/1581301102007-S4LI7JXXEQOH7Q8003KQ/ke17ZwdGBToddI8pDm48kKexq-7ul022KemqjIDzDURZw-z/checkbook.jpg]
[atmanirbhar.org/donations-india-cheque.html]
[atmanirbhar.org/donations-india.html]
[atmanirbhar.org/donations-usa-online.html]
[atmanirbhar.org/donations-usa-wire.html]
[atmanirbhar.org/donations-usa.html]
[atmanirbhar.org/donations-usa-cheque.html]
[atmanirbhar.org/donations-others-online.html]
[atmanirbhar.org/donations-others-wire.html]
[atmanirbhar.org/donations-others.html]
[cdn.ampproject.org/v0.js]
[atmanirbhar.org/donations-others-cheque.html]
[images.squarespace-cdn.com/content/v1/5e01f7481c79407e08d2cca0/1599655508403-RQAGWTPRDGZORKSRDYVP/ke17ZwdGBToddI8pDm48kAUQw1to8GRfNNFEpjvzxeJZw-z/Sasi+Kumar3794.jpg]
[images.squarespace-cdn.com/content/v1/5e01f7481c79407e08d2cca0/1599655696492-ECPKXOCD3872KOTMY5EX/ke17ZwdGBToddI8pDm48kAf-OpKpNsh_OjjU8JOdDKBZw-z/Shobit3794.jpg]
[atmanirbhar.org/blogs/talks-on-career-in-social-sector22c8.html]
[cdn.ampproject.org/v0/amp-youtube-0.1.js]
[atmanirbhar.org/blogs/parcs-first-online-course-2020-9-522c8.html]
[atmanirbhar.org/blogs/_/www.youtube.com/embed/AN5GXHBVr288344.html]
[images.squarespace-cdn.com/content/v1/5e01f7481c79407e08d2cca0/1585226438828-II7DF1BR300Z4563QNUJ/ke17ZwdGBToddI8pDm48kCX-V5vw-8h9IBXN10-_8XN7gQa/BW+IMG_85473794.jpg]
[images.squarespace-cdn.com/content/v1/5e01f7481c79407e08d2cca0/1585226591985-XDVDRENFBS9054UYN8VU/ke17ZwdGBToddI8pDm48kFPMNY03bGZs-Wog5bUWXdd7gQa/BW+IMG_85603794.jpg]
[images.squarespace-cdn.com/content/v1/5e01f7481c79407e08d2cca0/1585226496423-DJRKDCMCTV8ZBHP6XNNB/ke17ZwdGBToddI8pDm48kBG4fKjbbU_EdsGxYCn7ZjN7gQa/BW+IMG_85403794.jpg]
[images.squarespace-cdn.com/content/v1/5e01f7481c79407e08d2cca0/1585226531925-1CGFQXB7ERZXVKVSMZRJ/ke17ZwdGBToddI8pDm48kCywqaSqdsWZ4_BHmPgMh_F7gQa/BW+IMG_85573794.jpg]
[atmanirbhar.org/blogs/parc-plantation-drive-2020-3-2622c8.html]
[images.squarespace-cdn.com/content/v1/5e01f7481c79407e08d2cca0/1583903335477-W17OUCOAHEUKOXJF0KFP/ke17ZwdGBToddI8pDm48kJ7qCJnd-9dUFi-EBo_swvp7gQa/BW+53794.jpg]
[images.squarespace-cdn.com/content/v1/5e01f7481c79407e08d2cca0/1583903440825-2I5DXWK2DX7KXHW4IY2Z/ke17ZwdGBToddI8pDm48kASdsp4-8CZ6QSwZGhir7UpZw-z/News3794.jpg]
[images.squarespace-cdn.com/content/v1/5e01f7481c79407e08d2cca0/1583903499051-B0KI5JTZMFH6OB7PI53H/ke17ZwdGBToddI8pDm48kK60W-ob1oA2Fm-j4E_9NQB7gQa/BW+13794.jpg]
[images.squarespace-cdn.com/content/v1/5e01f7481c79407e08d2cca0/1583903538018-29S6HWAZYD0AG1NBMD6H/ke17ZwdGBToddI8pDm48kOAlEm6JHVhd31y_rdqP5cB7gQa/image-asset3794.jpg]
[images.squarespace-cdn.com/content/v1/5e01f7481c79407e08d2cca0/1583903462211-6O9YEACTE0IURKXXUAMK/ke17ZwdGBToddI8pDm48kO8Mw0kYMa4A5UFi73oormcUqsx/WhatsApp+Image+2020-03-09+at+10.00.58+AM3794.jpg]
[atmanirbhar.org/blogs/preventing-blindness-eye-camp-at-parc-2020-3-1122c8.html]
[atmanirbhar.org/_/www.youtube.com/embed/xtsmkDssxfM9ae1.html]
[atmanirbhar.org/_/www.youtube.com/embed/xtsmkDssxfM8344.html]
[atmanirbhar.org/_/www.youtube.com/embed/zmM-HZrBJck9ae1.html]
[atmanirbhar.org/_/www.youtube.com/embed/zmM-HZrBJck8344.html]
[atmanirbhar.org/_/www.youtube.com/embed/NdDvsI8AuMc9ae1.html]
[atmanirbhar.org/_/www.youtube.com/embed/NdDvsI8AuMc8344.html]
[atmanirbhar.org/_/www.youtube.com/embed/Ps5IZu5uSRs9ae1.html]
[atmanirbhar.org/_/www.youtube.com/embed/Ps5IZu5uSRs8344.html]
[atmanirbhar.org/_/www.youtube.com/embed/9z-Eq9v1eBs9ae1.html]
[atmanirbhar.org/_/www.youtube.com/embed/9z-Eq9v1eBs8344.html]
[atmanirbhar.org/_/www.youtube.com/embed/L7Dtn4ifHGs9ae1.html]
[atmanirbhar.org/_/www.youtube.com/embed/L7Dtn4ifHGs8344.html]
[atmanirbhar.org/_/www.youtube.com/embed/IXQS6GGn1pQ9ae1.html]
[atmanirbhar.org/_/www.youtube.com/embed/IXQS6GGn1pQ8344.html]
[atmanirbhar.org/_/www.youtube.com/embed/OzKnxUKVLTA9ae1.html]
[atmanirbhar.org/_/www.youtube.com/embed/OzKnxUKVLTA8344.html]
[atmanirbhar.org/_/www.youtube.com/embed/gRPpe3B6CEs9ae1.html]
[atmanirbhar.org/_/www.youtube.com/embed/gRPpe3B6CEs8344.html]
[atmanirbhar.org/_/www.youtube.com/embed/oRTaHlZv1KI9ae1.html]
[atmanirbhar.org/_/www.youtube.com/embed/oRTaHlZv1KI8344.html]
[atmanirbhar.org/_/www.youtube.com/embed/BXI7oOP7N5Y9ae1.html]
[atmanirbhar.org/_/www.youtube.com/embed/BXI7oOP7N5Y8344.html]
[atmanirbhar.org/_/www.youtube.com/embed/a6WbvO2fP_09ae1.html]
[atmanirbhar.org/_/www.youtube.com/embed/a6WbvO2fP_08344.html]
[atmanirbhar.org/_/www.youtube.com/embed/B5RyjAtMzSQ9ae1.html]
[atmanirbhar.org/_/www.youtube.com/embed/B5RyjAtMzSQ8344.html]
[atmanirbhar.org/_/www.youtube.com/embed/rsz7fKmM-s89ae1.html]
[atmanirbhar.org/_/www.youtube.com/embed/rsz7fKmM-s88344.html]
[atmanirbhar.org/_/www.youtube.com/embed/5epfj9uFepk9ae1.html]
[atmanirbhar.org/_/www.youtube.com/embed/5epfj9uFepk8344.html]
[atmanirbhar.org/_/www.youtube.com/embed/gU21Xchdoio9ae1.html]
[atmanirbhar.org/_/www.youtube.com/embed/gU21Xchdoio8344.html]
[atmanirbhar.org/_/www.youtube.com/embed/0eBTpEl8g_49ae1.html]
[atmanirbhar.org/_/www.youtube.com/embed/0eBTpEl8g_48344.html]
[atmanirbhar.org/_/www.youtube.com/embed/dSaDSlOdyRs9ae1.html]
[atmanirbhar.org/_/www.youtube.com/embed/dSaDSlOdyRs8344.html]
[atmanirbhar.org/_/www.youtube.com/embed/H3lttGCb3pE9ae1.html]
[atmanirbhar.org/_/www.youtube.com/embed/H3lttGCb3pE8344.html]
[atmanirbhar.org/_/www.youtube.com/embed/lZga8mlESxg9ae1.html]
[atmanirbhar.org/_/www.youtube.com/embed/lZga8mlESxg8344.html]
[atmanirbhar.org/_/www.youtube.com/embed/5cegZI-mvpc9ae1.html]
[atmanirbhar.org/_/www.youtube.com/embed/5cegZI-mvpc8344.html]
[atmanirbhar.org/_/www.youtube.com/embed/bZk6fmVRNbU9ae1.html]
[atmanirbhar.org/_/www.youtube.com/embed/bZk6fmVRNbU8344.html]
[atmanirbhar.org/_/www.youtube.com/embed/6AS0ujl4M8Y9ae1.html]
[atmanirbhar.org/_/www.youtube.com/embed/6AS0ujl4M8Y8344.html]
[atmanirbhar.org/_/www.youtube.com/embed/Kh6iLxdX3F49ae1.html]
[atmanirbhar.org/_/www.youtube.com/embed/Kh6iLxdX3F48344.html]
[images.squarespace-cdn.com/content/v1/5e01f7481c79407e08d2cca0/1582455814298-BI69JUIDVRAVFP48XHDH/ke17ZwdGBToddI8pDm48kGAfgG4NGFD0GsIIz53e7cVZw-z/F&B+Training-0013794.jpg]
[images.squarespace-cdn.com/content/v1/5e01f7481c79407e08d2cca0/1582455850652-BUI7NSMQCVFNE63B80EH/ke17ZwdGBToddI8pDm48kJBpL2rg91aBT6MKbdJ_dDsUqsx/FB+Class3794.jpg]
[images.squarespace-cdn.com/content/v1/5e01f7481c79407e08d2cca0/1582457731729-7Z8UW4T3KZLHJIDWXAPQ/ke17ZwdGBToddI8pDm48kNvT88LknE-K9M4pGNO0Iqd7gQa/Housekeeping3794.jpg]
[images.squarespace-cdn.com/content/v1/5e01f7481c79407e08d2cca0/1582455880960-7VV5ZR34G5NYB2BOJNIR/ke17ZwdGBToddI8pDm48kCGc3bhitFxEinVNAhVTnANZw-z/grad3794.jpg]
[atmanirbhar.org/blogs/ms7ehux9ijqfytey8mpmpbngdpva8o-2020-2-2322c8.html]
[images.squarespace-cdn.com/content/v1/5e01f7481c79407e08d2cca0/1587039660768-JV5YO0VWV3MOEVQMHQED/ke17ZwdGBToddI8pDm48kJjoka1uG9qd4dG-V7XudX0Uqsx/Protos+and+DUT3794.jpg]
[atmanirbhar.org/blogs/respimatic-100-a-low-cost-respirator-2020-4-1622c8.html]
[atmanirbhar.org/blogs/_/www.youtube.com/embed/lAPBwPOyvQ08344.html]
[images.squarespace-cdn.com/content/v1/5e01f7481c79407e08d2cca0/1582340714702-O7ATSSIVQ39CC462Z9OV/ke17ZwdGBToddI8pDm48kLkXF2pIyv_F2eUT9F60jBl7gQa/IMG_67963794.jpg]
[images.squarespace-cdn.com/content/v1/5e01f7481c79407e08d2cca0/1582341112393-MZG8RHP4G4C6422P93PK/ke17ZwdGBToddI8pDm48kLkXF2pIyv_F2eUT9F60jBl7gQa/IMG_68133794.jpg]
[atmanirbhar.org/blogs/covid-19-awareness-drive-parc-23-jun-2020-2020-6-2422c8]
[images.squarespace-cdn.com/content/v1/5e01f7481c79407e08d2cca0/1582341235717-U90KBHO6NWLZN1YDEOMQ/ke17ZwdGBToddI8pDm48kLkXF2pIyv_F2eUT9F60jBl7gQa/image-asset3794.jpg]
[images.squarespace-cdn.com/content/v1/5e01f7481c79407e08d2cca0/1582341325895-IF2GR1MH9J01P126MH9Y/ke17ZwdGBToddI8pDm48kLkXF2pIyv_F2eUT9F60jBl7gQa/image-asset3794.jpg]
[images.squarespace-cdn.com/content/v1/5e01f7481c79407e08d2cca0/1582341397046-8XROG67TQSLEZ8CEO9VV/ke17ZwdGBToddI8pDm48kLkXF2pIyv_F2eUT9F60jBl7gQa/image-asset3794.jpg]
[atmanirbhar.org/blogs/baba-kalyani-motivates-the-parc-team-2020-2-2222c8.html]
[cdn.ampproject.org/v0/amp-carousel-0.1.js]
[images.squarespace-cdn.com/content/v1/5e01f7481c79407e08d2cca0/1582340900859-4S12KN6B9SYEN5N5UUEZ/ke17ZwdGBToddI8pDm48kOLT-QIUSxRL7DX_G7Ww7CQUqsx/WhatsApp+Image+2020-01-25+at+5.17.47+PM+(1)3794.jpg]
[atmanirbhar.org/blogs/sample-blog-2-2020-1-2622c8.html]
[images.squarespace-cdn.com/content/v1/5e01f7481c79407e08d2cca0/1582340986103-LKUKWDGV9334X4FVRYGF/ke17ZwdGBToddI8pDm48kInVjO_zAuoEpYgio0qwsF8Uqsx/IMG-20191124-WA00013794.jpg]
[atmanirbhar.org/blogs/sample-blogs-1-2020-1-2622c8.html]
[atmanirbhar.org/donations-india-online.html]
[atmanirbhar.org/donations-india-wire.html]
[atmanirbhar.org/donations-india-cheque.html]
[atmanirbhar.org/donations-usa-online.html]
[atmanirbhar.org/donations-usa-wire.html]
[atmanirbhar.org/donations-usa-cheque.html]
[atmanirbhar.org/donations-others-online.html]
[atmanirbhar.org/donations-others-wire.html]
[atmanirbhar.org/donations-others-cheque.html]
[images.squarespace-cdn.com/content/v1/5e01f7481c79407e08d2cca0/1592987508312-DP8WET5FPO03H48K2P87/ke17ZwdGBToddI8pDm48kFr-MCz83LG2ZqzGFu9uALUUqsx/WhatsApp+Image+2020-06-24+at+8.54.11+AM3794.jpg]
[images.squarespace-cdn.com/content/v1/5e01f7481c79407e08d2cca0/1592987550706-NQSTQ0JAF2FRJ6SJQVSO/ke17ZwdGBToddI8pDm48kFr-MCz83LG2ZqzGFu9uALUUqsx/WhatsApp+Image+2020-06-23+at+12.29.26+PM3794.jpg]
[images.squarespace-cdn.com/content/v1/5e01f7481c79407e08d2cca0/1592987532297-OG7PMX3RLUD3TEJLX1NI/ke17ZwdGBToddI8pDm48kFr-MCz83LG2ZqzGFu9uALUUqsx/WhatsApp+Image+2020-06-23+at+12.29.26+PM+(1)3794.jpg]
[atmanirbhar.org/blogs/covid-19-awareness-drive-parc-23-jun-2020-2020-6-2422c8]
